
AVRASM ver. 2.1.30  D:\AVR\github\aLCD\sourcecode_counter_0to100\Debug\List\c0.asm Thu Oct 20 12:32:12 2022

D:\AVR\github\aLCD\sourcecode_counter_0to100\Debug\List\c0.asm(1087): warning: Register r4 already defined by the .DEF directive
D:\AVR\github\aLCD\sourcecode_counter_0to100\Debug\List\c0.asm(1088): warning: Register r5 already defined by the .DEF directive
D:\AVR\github\aLCD\sourcecode_counter_0to100\Debug\List\c0.asm(1089): warning: Register r7 already defined by the .DEF directive
D:\AVR\github\aLCD\sourcecode_counter_0to100\Debug\List\c0.asm(1090): warning: Register r6 already defined by the .DEF directive
D:\AVR\github\aLCD\sourcecode_counter_0to100\Debug\List\c0.asm(1091): warning: Register r9 already defined by the .DEF directive
                 
                 
                 ;CodeVisionAVR C Compiler V3.12 Advanced
                 ;(C) Copyright 1998-2014 Pavel Haiduc, HP InfoTech s.r.l.
                 ;http://www.hpinfotech.com
                 
                 ;Build configuration    : Debug
                 ;Chip type              : ATmega32A
                 ;Program type           : Application
                 ;Clock frequency        : 8.000000 MHz
                 ;Memory model           : Small
                 ;Optimize for           : Size
                 ;(s)printf features     : int, width
                 ;(s)scanf features      : int, width
                 ;External RAM size      : 0
                 ;Data Stack size        : 512 byte(s)
                 ;Heap size              : 0 byte(s)
                 ;Promote 'char' to 'int': Yes
                 ;'char' is unsigned     : Yes
                 ;8 bit enums            : Yes
                 ;Global 'const' stored in FLASH: Yes
                 ;Enhanced function parameter passing: Yes
                 ;Enhanced core instructions: On
                 ;Automatic register allocation for global variables: On
                 ;Smart register allocation: On
                 
                 	#define _MODEL_SMALL_
                 
                 	#pragma AVRPART ADMIN PART_NAME ATmega32A
                 	#pragma AVRPART MEMORY PROG_FLASH 32768
                 	#pragma AVRPART MEMORY EEPROM 1024
                 	#pragma AVRPART MEMORY INT_SRAM SIZE 2048
                 	#pragma AVRPART MEMORY INT_SRAM START_ADDR 0x60
                 
                 	#define CALL_SUPPORTED 1
                 
                 	.LISTMAC
                 	.EQU UDRE=0x5
                 	.EQU RXC=0x7
                 	.EQU USR=0xB
                 	.EQU UDR=0xC
                 	.EQU SPSR=0xE
                 	.EQU SPDR=0xF
                 	.EQU EERE=0x0
                 	.EQU EEWE=0x1
                 	.EQU EEMWE=0x2
                 	.EQU EECR=0x1C
                 	.EQU EEDR=0x1D
                 	.EQU EEARL=0x1E
                 	.EQU EEARH=0x1F
                 	.EQU WDTCR=0x21
                 	.EQU MCUCR=0x35
                 	.EQU SPL=0x3D
                 	.EQU SPH=0x3E
                 	.EQU SREG=0x3F
                 
                 	.DEF R0X0=R0
                 	.DEF R0X1=R1
                 	.DEF R0X2=R2
                 	.DEF R0X3=R3
                 	.DEF R0X4=R4
                 	.DEF R0X5=R5
                 	.DEF R0X6=R6
                 	.DEF R0X7=R7
                 	.DEF R0X8=R8
                 	.DEF R0X9=R9
                 	.DEF R0XA=R10
                 	.DEF R0XB=R11
                 	.DEF R0XC=R12
                 	.DEF R0XD=R13
                 	.DEF R0XE=R14
                 	.DEF R0XF=R15
                 	.DEF R0X10=R16
                 	.DEF R0X11=R17
                 	.DEF R0X12=R18
                 	.DEF R0X13=R19
                 	.DEF R0X14=R20
                 	.DEF R0X15=R21
                 	.DEF R0X16=R22
                 	.DEF R0X17=R23
                 	.DEF R0X18=R24
                 	.DEF R0X19=R25
                 	.DEF R0X1A=R26
                 	.DEF R0X1B=R27
                 	.DEF R0X1C=R28
                 	.DEF R0X1D=R29
                 	.DEF R0X1E=R30
                 	.DEF R0X1F=R31
                 
                 	.EQU __SRAM_START=0x0060
                 	.EQU __SRAM_END=0x085F
                 	.EQU __DSTACK_SIZE=0x0200
                 	.EQU __HEAP_SIZE=0x0000
                 	.EQU __CLEAR_SRAM_SIZE=__SRAM_END-__SRAM_START+1
                 
                 	.MACRO __CPD1N
                 	CPI  R30,LOW(@0)
                 	LDI  R26,HIGH(@0)
                 	CPC  R31,R26
                 	LDI  R26,BYTE3(@0)
                 	CPC  R22,R26
                 	LDI  R26,BYTE4(@0)
                 	CPC  R23,R26
                 	.ENDM
                 
                 	.MACRO __CPD2N
                 	CPI  R26,LOW(@0)
                 	LDI  R30,HIGH(@0)
                 	CPC  R27,R30
                 	LDI  R30,BYTE3(@0)
                 	CPC  R24,R30
                 	LDI  R30,BYTE4(@0)
                 	CPC  R25,R30
                 	.ENDM
                 
                 	.MACRO __CPWRR
                 	CP   R@0,R@2
                 	CPC  R@1,R@3
                 	.ENDM
                 
                 	.MACRO __CPWRN
                 	CPI  R@0,LOW(@2)
                 	LDI  R30,HIGH(@2)
                 	CPC  R@1,R30
                 	.ENDM
                 
                 	.MACRO __ADDB1MN
                 	SUBI R30,LOW(-@0-(@1))
                 	.ENDM
                 
                 	.MACRO __ADDB2MN
                 	SUBI R26,LOW(-@0-(@1))
                 	.ENDM
                 
                 	.MACRO __ADDW1MN
                 	SUBI R30,LOW(-@0-(@1))
                 	SBCI R31,HIGH(-@0-(@1))
                 	.ENDM
                 
                 	.MACRO __ADDW2MN
                 	SUBI R26,LOW(-@0-(@1))
                 	SBCI R27,HIGH(-@0-(@1))
                 	.ENDM
                 
                 	.MACRO __ADDW1FN
                 	SUBI R30,LOW(-2*@0-(@1))
                 	SBCI R31,HIGH(-2*@0-(@1))
                 	.ENDM
                 
                 	.MACRO __ADDD1FN
                 	SUBI R30,LOW(-2*@0-(@1))
                 	SBCI R31,HIGH(-2*@0-(@1))
                 	SBCI R22,BYTE3(-2*@0-(@1))
                 	.ENDM
                 
                 	.MACRO __ADDD1N
                 	SUBI R30,LOW(-@0)
                 	SBCI R31,HIGH(-@0)
                 	SBCI R22,BYTE3(-@0)
                 	SBCI R23,BYTE4(-@0)
                 	.ENDM
                 
                 	.MACRO __ADDD2N
                 	SUBI R26,LOW(-@0)
                 	SBCI R27,HIGH(-@0)
                 	SBCI R24,BYTE3(-@0)
                 	SBCI R25,BYTE4(-@0)
                 	.ENDM
                 
                 	.MACRO __SUBD1N
                 	SUBI R30,LOW(@0)
                 	SBCI R31,HIGH(@0)
                 	SBCI R22,BYTE3(@0)
                 	SBCI R23,BYTE4(@0)
                 	.ENDM
                 
                 	.MACRO __SUBD2N
                 	SUBI R26,LOW(@0)
                 	SBCI R27,HIGH(@0)
                 	SBCI R24,BYTE3(@0)
                 	SBCI R25,BYTE4(@0)
                 	.ENDM
                 
                 	.MACRO __ANDBMNN
                 	LDS  R30,@0+(@1)
                 	ANDI R30,LOW(@2)
                 	STS  @0+(@1),R30
                 	.ENDM
                 
                 	.MACRO __ANDWMNN
                 	LDS  R30,@0+(@1)
                 	ANDI R30,LOW(@2)
                 	STS  @0+(@1),R30
                 	LDS  R30,@0+(@1)+1
                 	ANDI R30,HIGH(@2)
                 	STS  @0+(@1)+1,R30
                 	.ENDM
                 
                 	.MACRO __ANDD1N
                 	ANDI R30,LOW(@0)
                 	ANDI R31,HIGH(@0)
                 	ANDI R22,BYTE3(@0)
                 	ANDI R23,BYTE4(@0)
                 	.ENDM
                 
                 	.MACRO __ANDD2N
                 	ANDI R26,LOW(@0)
                 	ANDI R27,HIGH(@0)
                 	ANDI R24,BYTE3(@0)
                 	ANDI R25,BYTE4(@0)
                 	.ENDM
                 
                 	.MACRO __ORBMNN
                 	LDS  R30,@0+(@1)
                 	ORI  R30,LOW(@2)
                 	STS  @0+(@1),R30
                 	.ENDM
                 
                 	.MACRO __ORWMNN
                 	LDS  R30,@0+(@1)
                 	ORI  R30,LOW(@2)
                 	STS  @0+(@1),R30
                 	LDS  R30,@0+(@1)+1
                 	ORI  R30,HIGH(@2)
                 	STS  @0+(@1)+1,R30
                 	.ENDM
                 
                 	.MACRO __ORD1N
                 	ORI  R30,LOW(@0)
                 	ORI  R31,HIGH(@0)
                 	ORI  R22,BYTE3(@0)
                 	ORI  R23,BYTE4(@0)
                 	.ENDM
                 
                 	.MACRO __ORD2N
                 	ORI  R26,LOW(@0)
                 	ORI  R27,HIGH(@0)
                 	ORI  R24,BYTE3(@0)
                 	ORI  R25,BYTE4(@0)
                 	.ENDM
                 
                 	.MACRO __DELAY_USB
                 	LDI  R24,LOW(@0)
                 __DELAY_USB_LOOP:
                 	DEC  R24
                 	BRNE __DELAY_USB_LOOP
                 	.ENDM
                 
                 	.MACRO __DELAY_USW
                 	LDI  R24,LOW(@0)
                 	LDI  R25,HIGH(@0)
                 __DELAY_USW_LOOP:
                 	SBIW R24,1
                 	BRNE __DELAY_USW_LOOP
                 	.ENDM
                 
                 	.MACRO __GETD1S
                 	LDD  R30,Y+@0
                 	LDD  R31,Y+@0+1
                 	LDD  R22,Y+@0+2
                 	LDD  R23,Y+@0+3
                 	.ENDM
                 
                 	.MACRO __GETD2S
                 	LDD  R26,Y+@0
                 	LDD  R27,Y+@0+1
                 	LDD  R24,Y+@0+2
                 	LDD  R25,Y+@0+3
                 	.ENDM
                 
                 	.MACRO __PUTD1S
                 	STD  Y+@0,R30
                 	STD  Y+@0+1,R31
                 	STD  Y+@0+2,R22
                 	STD  Y+@0+3,R23
                 	.ENDM
                 
                 	.MACRO __PUTD2S
                 	STD  Y+@0,R26
                 	STD  Y+@0+1,R27
                 	STD  Y+@0+2,R24
                 	STD  Y+@0+3,R25
                 	.ENDM
                 
                 	.MACRO __PUTDZ2
                 	STD  Z+@0,R26
                 	STD  Z+@0+1,R27
                 	STD  Z+@0+2,R24
                 	STD  Z+@0+3,R25
                 	.ENDM
                 
                 	.MACRO __CLRD1S
                 	STD  Y+@0,R30
                 	STD  Y+@0+1,R30
                 	STD  Y+@0+2,R30
                 	STD  Y+@0+3,R30
                 	.ENDM
                 
                 	.MACRO __POINTB1MN
                 	LDI  R30,LOW(@0+(@1))
                 	.ENDM
                 
                 	.MACRO __POINTW1MN
                 	LDI  R30,LOW(@0+(@1))
                 	LDI  R31,HIGH(@0+(@1))
                 	.ENDM
                 
                 	.MACRO __POINTD1M
                 	LDI  R30,LOW(@0)
                 	LDI  R31,HIGH(@0)
                 	LDI  R22,BYTE3(@0)
                 	LDI  R23,BYTE4(@0)
                 	.ENDM
                 
                 	.MACRO __POINTW1FN
                 	LDI  R30,LOW(2*@0+(@1))
                 	LDI  R31,HIGH(2*@0+(@1))
                 	.ENDM
                 
                 	.MACRO __POINTD1FN
                 	LDI  R30,LOW(2*@0+(@1))
                 	LDI  R31,HIGH(2*@0+(@1))
                 	LDI  R22,BYTE3(2*@0+(@1))
                 	LDI  R23,BYTE4(2*@0+(@1))
                 	.ENDM
                 
                 	.MACRO __POINTB2MN
                 	LDI  R26,LOW(@0+(@1))
                 	.ENDM
                 
                 	.MACRO __POINTW2MN
                 	LDI  R26,LOW(@0+(@1))
                 	LDI  R27,HIGH(@0+(@1))
                 	.ENDM
                 
                 	.MACRO __POINTW2FN
                 	LDI  R26,LOW(2*@0+(@1))
                 	LDI  R27,HIGH(2*@0+(@1))
                 	.ENDM
                 
                 	.MACRO __POINTD2FN
                 	LDI  R26,LOW(2*@0+(@1))
                 	LDI  R27,HIGH(2*@0+(@1))
                 	LDI  R24,BYTE3(2*@0+(@1))
                 	LDI  R25,BYTE4(2*@0+(@1))
                 	.ENDM
                 
                 	.MACRO __POINTBRM
                 	LDI  R@0,LOW(@1)
                 	.ENDM
                 
                 	.MACRO __POINTWRM
                 	LDI  R@0,LOW(@2)
                 	LDI  R@1,HIGH(@2)
                 	.ENDM
                 
                 	.MACRO __POINTBRMN
                 	LDI  R@0,LOW(@1+(@2))
                 	.ENDM
                 
                 	.MACRO __POINTWRMN
                 	LDI  R@0,LOW(@2+(@3))
                 	LDI  R@1,HIGH(@2+(@3))
                 	.ENDM
                 
                 	.MACRO __POINTWRFN
                 	LDI  R@0,LOW(@2*2+(@3))
                 	LDI  R@1,HIGH(@2*2+(@3))
                 	.ENDM
                 
                 	.MACRO __GETD1N
                 	LDI  R30,LOW(@0)
                 	LDI  R31,HIGH(@0)
                 	LDI  R22,BYTE3(@0)
                 	LDI  R23,BYTE4(@0)
                 	.ENDM
                 
                 	.MACRO __GETD2N
                 	LDI  R26,LOW(@0)
                 	LDI  R27,HIGH(@0)
                 	LDI  R24,BYTE3(@0)
                 	LDI  R25,BYTE4(@0)
                 	.ENDM
                 
                 	.MACRO __GETB1MN
                 	LDS  R30,@0+(@1)
                 	.ENDM
                 
                 	.MACRO __GETB1HMN
                 	LDS  R31,@0+(@1)
                 	.ENDM
                 
                 	.MACRO __GETW1MN
                 	LDS  R30,@0+(@1)
                 	LDS  R31,@0+(@1)+1
                 	.ENDM
                 
                 	.MACRO __GETD1MN
                 	LDS  R30,@0+(@1)
                 	LDS  R31,@0+(@1)+1
                 	LDS  R22,@0+(@1)+2
                 	LDS  R23,@0+(@1)+3
                 	.ENDM
                 
                 	.MACRO __GETBRMN
                 	LDS  R@0,@1+(@2)
                 	.ENDM
                 
                 	.MACRO __GETWRMN
                 	LDS  R@0,@2+(@3)
                 	LDS  R@1,@2+(@3)+1
                 	.ENDM
                 
                 	.MACRO __GETWRZ
                 	LDD  R@0,Z+@2
                 	LDD  R@1,Z+@2+1
                 	.ENDM
                 
                 	.MACRO __GETD2Z
                 	LDD  R26,Z+@0
                 	LDD  R27,Z+@0+1
                 	LDD  R24,Z+@0+2
                 	LDD  R25,Z+@0+3
                 	.ENDM
                 
                 	.MACRO __GETB2MN
                 	LDS  R26,@0+(@1)
                 	.ENDM
                 
                 	.MACRO __GETW2MN
                 	LDS  R26,@0+(@1)
                 	LDS  R27,@0+(@1)+1
                 	.ENDM
                 
                 	.MACRO __GETD2MN
                 	LDS  R26,@0+(@1)
                 	LDS  R27,@0+(@1)+1
                 	LDS  R24,@0+(@1)+2
                 	LDS  R25,@0+(@1)+3
                 	.ENDM
                 
                 	.MACRO __PUTB1MN
                 	STS  @0+(@1),R30
                 	.ENDM
                 
                 	.MACRO __PUTW1MN
                 	STS  @0+(@1),R30
                 	STS  @0+(@1)+1,R31
                 	.ENDM
                 
                 	.MACRO __PUTD1MN
                 	STS  @0+(@1),R30
                 	STS  @0+(@1)+1,R31
                 	STS  @0+(@1)+2,R22
                 	STS  @0+(@1)+3,R23
                 	.ENDM
                 
                 	.MACRO __PUTB1EN
                 	LDI  R26,LOW(@0+(@1))
                 	LDI  R27,HIGH(@0+(@1))
                 	CALL __EEPROMWRB
                 	.ENDM
                 
                 	.MACRO __PUTW1EN
                 	LDI  R26,LOW(@0+(@1))
                 	LDI  R27,HIGH(@0+(@1))
                 	CALL __EEPROMWRW
                 	.ENDM
                 
                 	.MACRO __PUTD1EN
                 	LDI  R26,LOW(@0+(@1))
                 	LDI  R27,HIGH(@0+(@1))
                 	CALL __EEPROMWRD
                 	.ENDM
                 
                 	.MACRO __PUTBR0MN
                 	STS  @0+(@1),R0
                 	.ENDM
                 
                 	.MACRO __PUTBMRN
                 	STS  @0+(@1),R@2
                 	.ENDM
                 
                 	.MACRO __PUTWMRN
                 	STS  @0+(@1),R@2
                 	STS  @0+(@1)+1,R@3
                 	.ENDM
                 
                 	.MACRO __PUTBZR
                 	STD  Z+@1,R@0
                 	.ENDM
                 
                 	.MACRO __PUTWZR
                 	STD  Z+@2,R@0
                 	STD  Z+@2+1,R@1
                 	.ENDM
                 
                 	.MACRO __GETW1R
                 	MOV  R30,R@0
                 	MOV  R31,R@1
                 	.ENDM
                 
                 	.MACRO __GETW2R
                 	MOV  R26,R@0
                 	MOV  R27,R@1
                 	.ENDM
                 
                 	.MACRO __GETWRN
                 	LDI  R@0,LOW(@2)
                 	LDI  R@1,HIGH(@2)
                 	.ENDM
                 
                 	.MACRO __PUTW1R
                 	MOV  R@0,R30
                 	MOV  R@1,R31
                 	.ENDM
                 
                 	.MACRO __PUTW2R
                 	MOV  R@0,R26
                 	MOV  R@1,R27
                 	.ENDM
                 
                 	.MACRO __ADDWRN
                 	SUBI R@0,LOW(-@2)
                 	SBCI R@1,HIGH(-@2)
                 	.ENDM
                 
                 	.MACRO __ADDWRR
                 	ADD  R@0,R@2
                 	ADC  R@1,R@3
                 	.ENDM
                 
                 	.MACRO __SUBWRN
                 	SUBI R@0,LOW(@2)
                 	SBCI R@1,HIGH(@2)
                 	.ENDM
                 
                 	.MACRO __SUBWRR
                 	SUB  R@0,R@2
                 	SBC  R@1,R@3
                 	.ENDM
                 
                 	.MACRO __ANDWRN
                 	ANDI R@0,LOW(@2)
                 	ANDI R@1,HIGH(@2)
                 	.ENDM
                 
                 	.MACRO __ANDWRR
                 	AND  R@0,R@2
                 	AND  R@1,R@3
                 	.ENDM
                 
                 	.MACRO __ORWRN
                 	ORI  R@0,LOW(@2)
                 	ORI  R@1,HIGH(@2)
                 	.ENDM
                 
                 	.MACRO __ORWRR
                 	OR   R@0,R@2
                 	OR   R@1,R@3
                 	.ENDM
                 
                 	.MACRO __EORWRR
                 	EOR  R@0,R@2
                 	EOR  R@1,R@3
                 	.ENDM
                 
                 	.MACRO __GETWRS
                 	LDD  R@0,Y+@2
                 	LDD  R@1,Y+@2+1
                 	.ENDM
                 
                 	.MACRO __PUTBSR
                 	STD  Y+@1,R@0
                 	.ENDM
                 
                 	.MACRO __PUTWSR
                 	STD  Y+@2,R@0
                 	STD  Y+@2+1,R@1
                 	.ENDM
                 
                 	.MACRO __MOVEWRR
                 	MOV  R@0,R@2
                 	MOV  R@1,R@3
                 	.ENDM
                 
                 	.MACRO __INWR
                 	IN   R@0,@2
                 	IN   R@1,@2+1
                 	.ENDM
                 
                 	.MACRO __OUTWR
                 	OUT  @2+1,R@1
                 	OUT  @2,R@0
                 	.ENDM
                 
                 	.MACRO __CALL1MN
                 	LDS  R30,@0+(@1)
                 	LDS  R31,@0+(@1)+1
                 	ICALL
                 	.ENDM
                 
                 	.MACRO __CALL1FN
                 	LDI  R30,LOW(2*@0+(@1))
                 	LDI  R31,HIGH(2*@0+(@1))
                 	CALL __GETW1PF
                 	ICALL
                 	.ENDM
                 
                 	.MACRO __CALL2EN
                 	PUSH R26
                 	PUSH R27
                 	LDI  R26,LOW(@0+(@1))
                 	LDI  R27,HIGH(@0+(@1))
                 	CALL __EEPROMRDW
                 	POP  R27
                 	POP  R26
                 	ICALL
                 	.ENDM
                 
                 	.MACRO __CALL2EX
                 	SUBI R26,LOW(-@0)
                 	SBCI R27,HIGH(-@0)
                 	CALL __EEPROMRDD
                 	ICALL
                 	.ENDM
                 
                 	.MACRO __GETW1STACK
                 	IN   R30,SPL
                 	IN   R31,SPH
                 	ADIW R30,@0+1
                 	LD   R0,Z+
                 	LD   R31,Z
                 	MOV  R30,R0
                 	.ENDM
                 
                 	.MACRO __GETD1STACK
                 	IN   R30,SPL
                 	IN   R31,SPH
                 	ADIW R30,@0+1
                 	LD   R0,Z+
                 	LD   R1,Z+
                 	LD   R22,Z
                 	MOVW R30,R0
                 	.ENDM
                 
                 	.MACRO __NBST
                 	BST  R@0,@1
                 	IN   R30,SREG
                 	LDI  R31,0x40
                 	EOR  R30,R31
                 	OUT  SREG,R30
                 	.ENDM
                 
                 
                 	.MACRO __PUTB1SN
                 	LDD  R26,Y+@0
                 	LDD  R27,Y+@0+1
                 	SUBI R26,LOW(-@1)
                 	SBCI R27,HIGH(-@1)
                 	ST   X,R30
                 	.ENDM
                 
                 	.MACRO __PUTW1SN
                 	LDD  R26,Y+@0
                 	LDD  R27,Y+@0+1
                 	SUBI R26,LOW(-@1)
                 	SBCI R27,HIGH(-@1)
                 	ST   X+,R30
                 	ST   X,R31
                 	.ENDM
                 
                 	.MACRO __PUTD1SN
                 	LDD  R26,Y+@0
                 	LDD  R27,Y+@0+1
                 	SUBI R26,LOW(-@1)
                 	SBCI R27,HIGH(-@1)
                 	CALL __PUTDP1
                 	.ENDM
                 
                 	.MACRO __PUTB1SNS
                 	LDD  R26,Y+@0
                 	LDD  R27,Y+@0+1
                 	ADIW R26,@1
                 	ST   X,R30
                 	.ENDM
                 
                 	.MACRO __PUTW1SNS
                 	LDD  R26,Y+@0
                 	LDD  R27,Y+@0+1
                 	ADIW R26,@1
                 	ST   X+,R30
                 	ST   X,R31
                 	.ENDM
                 
                 	.MACRO __PUTD1SNS
                 	LDD  R26,Y+@0
                 	LDD  R27,Y+@0+1
                 	ADIW R26,@1
                 	CALL __PUTDP1
                 	.ENDM
                 
                 	.MACRO __PUTB1PMN
                 	LDS  R26,@0
                 	LDS  R27,@0+1
                 	SUBI R26,LOW(-@1)
                 	SBCI R27,HIGH(-@1)
                 	ST   X,R30
                 	.ENDM
                 
                 	.MACRO __PUTW1PMN
                 	LDS  R26,@0
                 	LDS  R27,@0+1
                 	SUBI R26,LOW(-@1)
                 	SBCI R27,HIGH(-@1)
                 	ST   X+,R30
                 	ST   X,R31
                 	.ENDM
                 
                 	.MACRO __PUTD1PMN
                 	LDS  R26,@0
                 	LDS  R27,@0+1
                 	SUBI R26,LOW(-@1)
                 	SBCI R27,HIGH(-@1)
                 	CALL __PUTDP1
                 	.ENDM
                 
                 	.MACRO __PUTB1PMNS
                 	LDS  R26,@0
                 	LDS  R27,@0+1
                 	ADIW R26,@1
                 	ST   X,R30
                 	.ENDM
                 
                 	.MACRO __PUTW1PMNS
                 	LDS  R26,@0
                 	LDS  R27,@0+1
                 	ADIW R26,@1
                 	ST   X+,R30
                 	ST   X,R31
                 	.ENDM
                 
                 	.MACRO __PUTD1PMNS
                 	LDS  R26,@0
                 	LDS  R27,@0+1
                 	ADIW R26,@1
                 	CALL __PUTDP1
                 	.ENDM
                 
                 	.MACRO __PUTB1RN
                 	MOVW R26,R@0
                 	SUBI R26,LOW(-@1)
                 	SBCI R27,HIGH(-@1)
                 	ST   X,R30
                 	.ENDM
                 
                 	.MACRO __PUTW1RN
                 	MOVW R26,R@0
                 	SUBI R26,LOW(-@1)
                 	SBCI R27,HIGH(-@1)
                 	ST   X+,R30
                 	ST   X,R31
                 	.ENDM
                 
                 	.MACRO __PUTD1RN
                 	MOVW R26,R@0
                 	SUBI R26,LOW(-@1)
                 	SBCI R27,HIGH(-@1)
                 	CALL __PUTDP1
                 	.ENDM
                 
                 	.MACRO __PUTB1RNS
                 	MOVW R26,R@0
                 	ADIW R26,@1
                 	ST   X,R30
                 	.ENDM
                 
                 	.MACRO __PUTW1RNS
                 	MOVW R26,R@0
                 	ADIW R26,@1
                 	ST   X+,R30
                 	ST   X,R31
                 	.ENDM
                 
                 	.MACRO __PUTD1RNS
                 	MOVW R26,R@0
                 	ADIW R26,@1
                 	CALL __PUTDP1
                 	.ENDM
                 
                 	.MACRO __PUTB1RON
                 	MOV  R26,R@0
                 	MOV  R27,R@1
                 	SUBI R26,LOW(-@2)
                 	SBCI R27,HIGH(-@2)
                 	ST   X,R30
                 	.ENDM
                 
                 	.MACRO __PUTW1RON
                 	MOV  R26,R@0
                 	MOV  R27,R@1
                 	SUBI R26,LOW(-@2)
                 	SBCI R27,HIGH(-@2)
                 	ST   X+,R30
                 	ST   X,R31
                 	.ENDM
                 
                 	.MACRO __PUTD1RON
                 	MOV  R26,R@0
                 	MOV  R27,R@1
                 	SUBI R26,LOW(-@2)
                 	SBCI R27,HIGH(-@2)
                 	CALL __PUTDP1
                 	.ENDM
                 
                 	.MACRO __PUTB1RONS
                 	MOV  R26,R@0
                 	MOV  R27,R@1
                 	ADIW R26,@2
                 	ST   X,R30
                 	.ENDM
                 
                 	.MACRO __PUTW1RONS
                 	MOV  R26,R@0
                 	MOV  R27,R@1
                 	ADIW R26,@2
                 	ST   X+,R30
                 	ST   X,R31
                 	.ENDM
                 
                 	.MACRO __PUTD1RONS
                 	MOV  R26,R@0
                 	MOV  R27,R@1
                 	ADIW R26,@2
                 	CALL __PUTDP1
                 	.ENDM
                 
                 
                 	.MACRO __GETB1SX
                 	MOVW R30,R28
                 	SUBI R30,LOW(-@0)
                 	SBCI R31,HIGH(-@0)
                 	LD   R30,Z
                 	.ENDM
                 
                 	.MACRO __GETB1HSX
                 	MOVW R30,R28
                 	SUBI R30,LOW(-@0)
                 	SBCI R31,HIGH(-@0)
                 	LD   R31,Z
                 	.ENDM
                 
                 	.MACRO __GETW1SX
                 	MOVW R30,R28
                 	SUBI R30,LOW(-@0)
                 	SBCI R31,HIGH(-@0)
                 	LD   R0,Z+
                 	LD   R31,Z
                 	MOV  R30,R0
                 	.ENDM
                 
                 	.MACRO __GETD1SX
                 	MOVW R30,R28
                 	SUBI R30,LOW(-@0)
                 	SBCI R31,HIGH(-@0)
                 	LD   R0,Z+
                 	LD   R1,Z+
                 	LD   R22,Z+
                 	LD   R23,Z
                 	MOVW R30,R0
                 	.ENDM
                 
                 	.MACRO __GETB2SX
                 	MOVW R26,R28
                 	SUBI R26,LOW(-@0)
                 	SBCI R27,HIGH(-@0)
                 	LD   R26,X
                 	.ENDM
                 
                 	.MACRO __GETW2SX
                 	MOVW R26,R28
                 	SUBI R26,LOW(-@0)
                 	SBCI R27,HIGH(-@0)
                 	LD   R0,X+
                 	LD   R27,X
                 	MOV  R26,R0
                 	.ENDM
                 
                 	.MACRO __GETD2SX
                 	MOVW R26,R28
                 	SUBI R26,LOW(-@0)
                 	SBCI R27,HIGH(-@0)
                 	LD   R0,X+
                 	LD   R1,X+
                 	LD   R24,X+
                 	LD   R25,X
                 	MOVW R26,R0
                 	.ENDM
                 
                 	.MACRO __GETBRSX
                 	MOVW R30,R28
                 	SUBI R30,LOW(-@1)
                 	SBCI R31,HIGH(-@1)
                 	LD   R@0,Z
                 	.ENDM
                 
                 	.MACRO __GETWRSX
                 	MOVW R30,R28
                 	SUBI R30,LOW(-@2)
                 	SBCI R31,HIGH(-@2)
                 	LD   R@0,Z+
                 	LD   R@1,Z
                 	.ENDM
                 
                 	.MACRO __GETBRSX2
                 	MOVW R26,R28
                 	SUBI R26,LOW(-@1)
                 	SBCI R27,HIGH(-@1)
                 	LD   R@0,X
                 	.ENDM
                 
                 	.MACRO __GETWRSX2
                 	MOVW R26,R28
                 	SUBI R26,LOW(-@2)
                 	SBCI R27,HIGH(-@2)
                 	LD   R@0,X+
                 	LD   R@1,X
                 	.ENDM
                 
                 	.MACRO __LSLW8SX
                 	MOVW R30,R28
                 	SUBI R30,LOW(-@0)
                 	SBCI R31,HIGH(-@0)
                 	LD   R31,Z
                 	CLR  R30
                 	.ENDM
                 
                 	.MACRO __PUTB1SX
                 	MOVW R26,R28
                 	SUBI R26,LOW(-@0)
                 	SBCI R27,HIGH(-@0)
                 	ST   X,R30
                 	.ENDM
                 
                 	.MACRO __PUTW1SX
                 	MOVW R26,R28
                 	SUBI R26,LOW(-@0)
                 	SBCI R27,HIGH(-@0)
                 	ST   X+,R30
                 	ST   X,R31
                 	.ENDM
                 
                 	.MACRO __PUTD1SX
                 	MOVW R26,R28
                 	SUBI R26,LOW(-@0)
                 	SBCI R27,HIGH(-@0)
                 	ST   X+,R30
                 	ST   X+,R31
                 	ST   X+,R22
                 	ST   X,R23
                 	.ENDM
                 
                 	.MACRO __CLRW1SX
                 	MOVW R26,R28
                 	SUBI R26,LOW(-@0)
                 	SBCI R27,HIGH(-@0)
                 	ST   X+,R30
                 	ST   X,R30
                 	.ENDM
                 
                 	.MACRO __CLRD1SX
                 	MOVW R26,R28
                 	SUBI R26,LOW(-@0)
                 	SBCI R27,HIGH(-@0)
                 	ST   X+,R30
                 	ST   X+,R30
                 	ST   X+,R30
                 	ST   X,R30
                 	.ENDM
                 
                 	.MACRO __PUTB2SX
                 	MOVW R30,R28
                 	SUBI R30,LOW(-@0)
                 	SBCI R31,HIGH(-@0)
                 	ST   Z,R26
                 	.ENDM
                 
                 	.MACRO __PUTW2SX
                 	MOVW R30,R28
                 	SUBI R30,LOW(-@0)
                 	SBCI R31,HIGH(-@0)
                 	ST   Z+,R26
                 	ST   Z,R27
                 	.ENDM
                 
                 	.MACRO __PUTD2SX
                 	MOVW R30,R28
                 	SUBI R30,LOW(-@0)
                 	SBCI R31,HIGH(-@0)
                 	ST   Z+,R26
                 	ST   Z+,R27
                 	ST   Z+,R24
                 	ST   Z,R25
                 	.ENDM
                 
                 	.MACRO __PUTBSRX
                 	MOVW R30,R28
                 	SUBI R30,LOW(-@1)
                 	SBCI R31,HIGH(-@1)
                 	ST   Z,R@0
                 	.ENDM
                 
                 	.MACRO __PUTWSRX
                 	MOVW R30,R28
                 	SUBI R30,LOW(-@2)
                 	SBCI R31,HIGH(-@2)
                 	ST   Z+,R@0
                 	ST   Z,R@1
                 	.ENDM
                 
                 	.MACRO __PUTB1SNX
                 	MOVW R26,R28
                 	SUBI R26,LOW(-@0)
                 	SBCI R27,HIGH(-@0)
                 	LD   R0,X+
                 	LD   R27,X
                 	MOV  R26,R0
                 	SUBI R26,LOW(-@1)
                 	SBCI R27,HIGH(-@1)
                 	ST   X,R30
                 	.ENDM
                 
                 	.MACRO __PUTW1SNX
                 	MOVW R26,R28
                 	SUBI R26,LOW(-@0)
                 	SBCI R27,HIGH(-@0)
                 	LD   R0,X+
                 	LD   R27,X
                 	MOV  R26,R0
                 	SUBI R26,LOW(-@1)
                 	SBCI R27,HIGH(-@1)
                 	ST   X+,R30
                 	ST   X,R31
                 	.ENDM
                 
                 	.MACRO __PUTD1SNX
                 	MOVW R26,R28
                 	SUBI R26,LOW(-@0)
                 	SBCI R27,HIGH(-@0)
                 	LD   R0,X+
                 	LD   R27,X
                 	MOV  R26,R0
                 	SUBI R26,LOW(-@1)
                 	SBCI R27,HIGH(-@1)
                 	ST   X+,R30
                 	ST   X+,R31
                 	ST   X+,R22
                 	ST   X,R23
                 	.ENDM
                 
                 	.MACRO __MULBRR
                 	MULS R@0,R@1
                 	MOVW R30,R0
                 	.ENDM
                 
                 	.MACRO __MULBRRU
                 	MUL  R@0,R@1
                 	MOVW R30,R0
                 	.ENDM
                 
                 	.MACRO __MULBRR0
                 	MULS R@0,R@1
                 	.ENDM
                 
                 	.MACRO __MULBRRU0
                 	MUL  R@0,R@1
                 	.ENDM
                 
                 	.MACRO __MULBNWRU
                 	LDI  R26,@2
                 	MUL  R26,R@0
                 	MOVW R30,R0
                 	MUL  R26,R@1
                 	ADD  R31,R0
                 	.ENDM
                 
                 ;NAME DEFINITIONS FOR GLOBAL VARIABLES ALLOCATED TO REGISTERS
                 	.DEF _i=R4
                 	.DEF _i_msb=R5
                 	.DEF __lcd_x=R7
                 	.DEF __lcd_y=R6
                 	.DEF __lcd_maxx=R9
                 
                 	.CSEG
                 	.ORG 0x00
                 
                 ;START OF CODE MARKER
                 __START_OF_CODE:
                 
                 ;INTERRUPT VECTORS
000000 940c 003f 	JMP  __RESET
000002 940c 0000 	JMP  0x00
000004 940c 0000 	JMP  0x00
000006 940c 0000 	JMP  0x00
000008 940c 0000 	JMP  0x00
00000a 940c 0000 	JMP  0x00
00000c 940c 0000 	JMP  0x00
00000e 940c 0000 	JMP  0x00
000010 940c 0000 	JMP  0x00
000012 940c 0000 	JMP  0x00
000014 940c 0000 	JMP  0x00
000016 940c 0000 	JMP  0x00
000018 940c 0000 	JMP  0x00
00001a 940c 0000 	JMP  0x00
00001c 940c 0000 	JMP  0x00
00001e 940c 0000 	JMP  0x00
000020 940c 0000 	JMP  0x00
000022 940c 0000 	JMP  0x00
000024 940c 0000 	JMP  0x00
000026 940c 0000 	JMP  0x00
000028 940c 0000 	JMP  0x00
                 
                 _tbl10_G101:
00002a 2710
00002b 03e8
00002c 0064
00002d 000a      	.DB  0x10,0x27,0xE8,0x3,0x64,0x0,0xA,0x0
00002e 0001      	.DB  0x1,0x0
                 _tbl16_G101:
00002f 1000
000030 0100
000031 0010
000032 0001      	.DB  0x0,0x10,0x0,0x1,0x10,0x0,0x1,0x0
                 
                 _0x0:
000033 6f63
000034 6e75
000035 6974
000036 676e      	.DB  0x63,0x6F,0x75,0x6E,0x74,0x69,0x6E,0x67
000037 253a
000038 3330
000039 0064      	.DB  0x3A,0x25,0x30,0x33,0x64,0x0
                 _0x2000003:
00003a c080      	.DB  0x80,0xC0
                 
                 __GLOBAL_INI_TBL:
00003b 0002      	.DW  0x02
00003c 0274      	.DW  __base_y_G100
00003d 0074      	.DW  _0x2000003*2
                 
                 _0xFFFFFFFF:
00003e 0000      	.DW  0
                 
                 #define __GLOBAL_INI_TBL_PRESENT 1
                 
                 __RESET:
00003f 94f8      	CLI
000040 27ee      	CLR  R30
000041 bbec      	OUT  EECR,R30
                 
                 ;INTERRUPT VECTORS ARE PLACED
                 ;AT THE START OF FLASH
000042 e0f1      	LDI  R31,1
000043 bff5      	OUT  MCUCR,R31
000044 bfe5      	OUT  MCUCR,R30
                 
                 ;CLEAR R2-R14
000045 e08d      	LDI  R24,(14-2)+1
000046 e0a2      	LDI  R26,2
000047 27bb      	CLR  R27
                 __CLEAR_REG:
000048 93ed      	ST   X+,R30
000049 958a      	DEC  R24
00004a f7e9      	BRNE __CLEAR_REG
                 
                 ;CLEAR SRAM
00004b e080      	LDI  R24,LOW(__CLEAR_SRAM_SIZE)
00004c e098      	LDI  R25,HIGH(__CLEAR_SRAM_SIZE)
00004d e6a0      	LDI  R26,__SRAM_START
                 __CLEAR_SRAM:
00004e 93ed      	ST   X+,R30
00004f 9701      	SBIW R24,1
000050 f7e9      	BRNE __CLEAR_SRAM
                 
                 ;GLOBAL VARIABLES INITIALIZATION
000051 e7e6      	LDI  R30,LOW(__GLOBAL_INI_TBL*2)
000052 e0f0      	LDI  R31,HIGH(__GLOBAL_INI_TBL*2)
                 __GLOBAL_INI_NEXT:
000053 9185      	LPM  R24,Z+
000054 9195      	LPM  R25,Z+
000055 9700      	SBIW R24,0
000056 f061      	BREQ __GLOBAL_INI_END
000057 91a5      	LPM  R26,Z+
000058 91b5      	LPM  R27,Z+
000059 9005      	LPM  R0,Z+
00005a 9015      	LPM  R1,Z+
00005b 01bf      	MOVW R22,R30
00005c 01f0      	MOVW R30,R0
                 __GLOBAL_INI_LOOP:
00005d 9005      	LPM  R0,Z+
00005e 920d      	ST   X+,R0
00005f 9701      	SBIW R24,1
000060 f7e1      	BRNE __GLOBAL_INI_LOOP
000061 01fb      	MOVW R30,R22
000062 cff0      	RJMP __GLOBAL_INI_NEXT
                 __GLOBAL_INI_END:
                 
                 ;HARDWARE STACK POINTER INITIALIZATION
000063 e5ef      	LDI  R30,LOW(__SRAM_END-__HEAP_SIZE)
000064 bfed      	OUT  SPL,R30
000065 e0e8      	LDI  R30,HIGH(__SRAM_END-__HEAP_SIZE)
000066 bfee      	OUT  SPH,R30
                 
                 ;DATA STACK POINTER INITIALIZATION
000067 e6c0      	LDI  R28,LOW(__SRAM_START+__DSTACK_SIZE)
000068 e0d2      	LDI  R29,HIGH(__SRAM_START+__DSTACK_SIZE)
                 
000069 940c 006b 	JMP  _main
                 
                 	.ESEG
                 	.ORG 0
                 
                 	.DSEG
                 	.ORG 0x260
                 
                 	.CSEG
                 ;/*******************************************************
                 ;Project : counter 0 to 100 on aLCD
                 ;Version : 1
                 ;Date    : 10/20/2022
                 ;Author  : Parsa jahangiripour @parsajahan
                 ;Company :
                 ;Comments:
                 ;ATmega32
                 ;ALCD
                 ;
                 ;This program was created by the
                 ;CodeWizardAVR V3.12 Advanced
                 ;Automatic Program Generator
                 ;© Copyright 1998-2014 Pavel Haiduc, HP InfoTech s.r.l.
                 ;http://www.hpinfotech.com
                 ;
                 ;
                 ;
                 ;Chip type               : ATmega32A
                 ;Program type            : Application
                 ;AVR Core Clock frequency: 8.000000 MHz
                 ;Memory model            : Small
                 ;External RAM size       : 0
                 ;Data Stack size         : 512
                 ;*******************************************************/
                 ;
                 ;#include <mega32a.h>
                 	#ifndef __SLEEP_DEFINED__
                 	#define __SLEEP_DEFINED__
                 	.EQU __se_bit=0x80
                 	.EQU __sm_mask=0x70
                 	.EQU __sm_powerdown=0x20
                 	.EQU __sm_powersave=0x30
                 	.EQU __sm_standby=0x60
                 	.EQU __sm_ext_standby=0x70
                 	.EQU __sm_adc_noise_red=0x10
                 	.SET power_ctrl_reg=mcucr
                 	#endif
                 ;#include <delay.h>
                 ;
                 ;// Alphanumeric LCD functions
                 ;#include <alcd.h>
                 ;#include <stdio.h>
                 ;
                 ;// Declare your global variables here
                 ;int i;
                 ;char ch[20];
                 ;
                 ;
                 ;void main(void)
                 ; 0000 0028 {
                 
                 	.CSEG
                 _main:
                 ; .FSTART _main
                 ; 0000 0029 // Declare your local variables here
                 ; 0000 002A 
                 ; 0000 002B // Input/Output Ports initialization
                 ; 0000 002C // Port A initialization
                 ; 0000 002D // Function: Bit7=In Bit6=In Bit5=In Bit4=In Bit3=In Bit2=In Bit1=In Bit0=In
                 ; 0000 002E DDRA=(0<<DDA7) | (0<<DDA6) | (0<<DDA5) | (0<<DDA4) | (0<<DDA3) | (0<<DDA2) | (0<<DDA1) | (0<<DDA0);
00006b e0e0      	LDI  R30,LOW(0)
00006c bbea      	OUT  0x1A,R30
                 ; 0000 002F // State: Bit7=T Bit6=T Bit5=T Bit4=T Bit3=T Bit2=T Bit1=T Bit0=T
                 ; 0000 0030 PORTA=(0<<PORTA7) | (0<<PORTA6) | (0<<PORTA5) | (0<<PORTA4) | (0<<PORTA3) | (0<<PORTA2) | (0<<PORTA1) | (0<<PORTA0);
00006d bbeb      	OUT  0x1B,R30
                 ; 0000 0031 
                 ; 0000 0032 // Port B initialization
                 ; 0000 0033 // Function: Bit7=In Bit6=In Bit5=In Bit4=In Bit3=In Bit2=In Bit1=In Bit0=In
                 ; 0000 0034 DDRB=(0<<DDB7) | (0<<DDB6) | (0<<DDB5) | (0<<DDB4) | (0<<DDB3) | (0<<DDB2) | (0<<DDB1) | (0<<DDB0);
00006e bbe7      	OUT  0x17,R30
                 ; 0000 0035 // State: Bit7=T Bit6=T Bit5=T Bit4=T Bit3=T Bit2=T Bit1=T Bit0=T
                 ; 0000 0036 PORTB=(0<<PORTB7) | (0<<PORTB6) | (0<<PORTB5) | (0<<PORTB4) | (0<<PORTB3) | (0<<PORTB2) | (0<<PORTB1) | (0<<PORTB0);
00006f bbe8      	OUT  0x18,R30
                 ; 0000 0037 
                 ; 0000 0038 // Port C initialization
                 ; 0000 0039 // Function: Bit7=In Bit6=In Bit5=In Bit4=In Bit3=In Bit2=In Bit1=In Bit0=In
                 ; 0000 003A DDRC=(0<<DDC7) | (0<<DDC6) | (0<<DDC5) | (0<<DDC4) | (0<<DDC3) | (0<<DDC2) | (0<<DDC1) | (0<<DDC0);
000070 bbe4      	OUT  0x14,R30
                 ; 0000 003B // State: Bit7=T Bit6=T Bit5=T Bit4=T Bit3=T Bit2=T Bit1=T Bit0=T
                 ; 0000 003C PORTC=(0<<PORTC7) | (0<<PORTC6) | (0<<PORTC5) | (0<<PORTC4) | (0<<PORTC3) | (0<<PORTC2) | (0<<PORTC1) | (0<<PORTC0);
000071 bbe5      	OUT  0x15,R30
                 ; 0000 003D 
                 ; 0000 003E // Port D initialization
                 ; 0000 003F // Function: Bit7=In Bit6=In Bit5=In Bit4=In Bit3=In Bit2=In Bit1=In Bit0=In
                 ; 0000 0040 DDRD=(0<<DDD7) | (0<<DDD6) | (0<<DDD5) | (0<<DDD4) | (0<<DDD3) | (0<<DDD2) | (0<<DDD1) | (0<<DDD0);
000072 bbe1      	OUT  0x11,R30
                 ; 0000 0041 // State: Bit7=T Bit6=T Bit5=T Bit4=T Bit3=T Bit2=T Bit1=T Bit0=T
                 ; 0000 0042 PORTD=(0<<PORTD7) | (0<<PORTD6) | (0<<PORTD5) | (0<<PORTD4) | (0<<PORTD3) | (0<<PORTD2) | (0<<PORTD1) | (0<<PORTD0);
000073 bbe2      	OUT  0x12,R30
                 ; 0000 0043 
                 ; 0000 0044 // Timer/Counter 0 initialization
                 ; 0000 0045 // Clock source: System Clock
                 ; 0000 0046 // Clock value: Timer 0 Stopped
                 ; 0000 0047 // Mode: Normal top=0xFF
                 ; 0000 0048 // OC0 output: Disconnected
                 ; 0000 0049 TCCR0=(0<<WGM00) | (0<<COM01) | (0<<COM00) | (0<<WGM01) | (0<<CS02) | (0<<CS01) | (0<<CS00);
000074 bfe3      	OUT  0x33,R30
                 ; 0000 004A TCNT0=0x00;
000075 bfe2      	OUT  0x32,R30
                 ; 0000 004B OCR0=0x00;
000076 bfec      	OUT  0x3C,R30
                 ; 0000 004C 
                 ; 0000 004D // Timer/Counter 1 initialization
                 ; 0000 004E // Clock source: System Clock
                 ; 0000 004F // Clock value: Timer1 Stopped
                 ; 0000 0050 // Mode: Normal top=0xFFFF
                 ; 0000 0051 // OC1A output: Disconnected
                 ; 0000 0052 // OC1B output: Disconnected
                 ; 0000 0053 // Noise Canceler: Off
                 ; 0000 0054 // Input Capture on Falling Edge
                 ; 0000 0055 // Timer1 Overflow Interrupt: Off
                 ; 0000 0056 // Input Capture Interrupt: Off
                 ; 0000 0057 // Compare A Match Interrupt: Off
                 ; 0000 0058 // Compare B Match Interrupt: Off
                 ; 0000 0059 TCCR1A=(0<<COM1A1) | (0<<COM1A0) | (0<<COM1B1) | (0<<COM1B0) | (0<<WGM11) | (0<<WGM10);
000077 bdef      	OUT  0x2F,R30
                 ; 0000 005A TCCR1B=(0<<ICNC1) | (0<<ICES1) | (0<<WGM13) | (0<<WGM12) | (0<<CS12) | (0<<CS11) | (0<<CS10);
000078 bdee      	OUT  0x2E,R30
                 ; 0000 005B TCNT1H=0x00;
000079 bded      	OUT  0x2D,R30
                 ; 0000 005C TCNT1L=0x00;
00007a bdec      	OUT  0x2C,R30
                 ; 0000 005D ICR1H=0x00;
00007b bde7      	OUT  0x27,R30
                 ; 0000 005E ICR1L=0x00;
00007c bde6      	OUT  0x26,R30
                 ; 0000 005F OCR1AH=0x00;
00007d bdeb      	OUT  0x2B,R30
                 ; 0000 0060 OCR1AL=0x00;
00007e bdea      	OUT  0x2A,R30
                 ; 0000 0061 OCR1BH=0x00;
00007f bde9      	OUT  0x29,R30
                 ; 0000 0062 OCR1BL=0x00;
000080 bde8      	OUT  0x28,R30
                 ; 0000 0063 
                 ; 0000 0064 // Timer/Counter 2 initialization
                 ; 0000 0065 // Clock source: System Clock
                 ; 0000 0066 // Clock value: Timer2 Stopped
                 ; 0000 0067 // Mode: Normal top=0xFF
                 ; 0000 0068 // OC2 output: Disconnected
                 ; 0000 0069 ASSR=0<<AS2;
000081 bde2      	OUT  0x22,R30
                 ; 0000 006A TCCR2=(0<<PWM2) | (0<<COM21) | (0<<COM20) | (0<<CTC2) | (0<<CS22) | (0<<CS21) | (0<<CS20);
000082 bde5      	OUT  0x25,R30
                 ; 0000 006B TCNT2=0x00;
000083 bde4      	OUT  0x24,R30
                 ; 0000 006C OCR2=0x00;
000084 bde3      	OUT  0x23,R30
                 ; 0000 006D 
                 ; 0000 006E // Timer(s)/Counter(s) Interrupt(s) initialization
                 ; 0000 006F TIMSK=(0<<OCIE2) | (0<<TOIE2) | (0<<TICIE1) | (0<<OCIE1A) | (0<<OCIE1B) | (0<<TOIE1) | (0<<OCIE0) | (0<<TOIE0);
000085 bfe9      	OUT  0x39,R30
                 ; 0000 0070 
                 ; 0000 0071 // External Interrupt(s) initialization
                 ; 0000 0072 // INT0: Off
                 ; 0000 0073 // INT1: Off
                 ; 0000 0074 // INT2: Off
                 ; 0000 0075 MCUCR=(0<<ISC11) | (0<<ISC10) | (0<<ISC01) | (0<<ISC00);
000086 bfe5      	OUT  0x35,R30
                 ; 0000 0076 MCUCSR=(0<<ISC2);
000087 bfe4      	OUT  0x34,R30
                 ; 0000 0077 
                 ; 0000 0078 // USART initialization
                 ; 0000 0079 // USART disabled
                 ; 0000 007A UCSRB=(0<<RXCIE) | (0<<TXCIE) | (0<<UDRIE) | (0<<RXEN) | (0<<TXEN) | (0<<UCSZ2) | (0<<RXB8) | (0<<TXB8);
000088 b9ea      	OUT  0xA,R30
                 ; 0000 007B 
                 ; 0000 007C // Analog Comparator initialization
                 ; 0000 007D // Analog Comparator: Off
                 ; 0000 007E // The Analog Comparator's positive input is
                 ; 0000 007F // connected to the AIN0 pin
                 ; 0000 0080 // The Analog Comparator's negative input is
                 ; 0000 0081 // connected to the AIN1 pin
                 ; 0000 0082 ACSR=(1<<ACD) | (0<<ACBG) | (0<<ACO) | (0<<ACI) | (0<<ACIE) | (0<<ACIC) | (0<<ACIS1) | (0<<ACIS0);
000089 e8e0      	LDI  R30,LOW(128)
00008a b9e8      	OUT  0x8,R30
                 ; 0000 0083 SFIOR=(0<<ACME);
00008b e0e0      	LDI  R30,LOW(0)
00008c bfe0      	OUT  0x30,R30
                 ; 0000 0084 
                 ; 0000 0085 // ADC initialization
                 ; 0000 0086 // ADC disabled
                 ; 0000 0087 ADCSRA=(0<<ADEN) | (0<<ADSC) | (0<<ADATE) | (0<<ADIF) | (0<<ADIE) | (0<<ADPS2) | (0<<ADPS1) | (0<<ADPS0);
00008d b9e6      	OUT  0x6,R30
                 ; 0000 0088 
                 ; 0000 0089 // SPI initialization
                 ; 0000 008A // SPI disabled
                 ; 0000 008B SPCR=(0<<SPIE) | (0<<SPE) | (0<<DORD) | (0<<MSTR) | (0<<CPOL) | (0<<CPHA) | (0<<SPR1) | (0<<SPR0);
00008e b9ed      	OUT  0xD,R30
                 ; 0000 008C 
                 ; 0000 008D // TWI initialization
                 ; 0000 008E // TWI disabled
                 ; 0000 008F TWCR=(0<<TWEA) | (0<<TWSTA) | (0<<TWSTO) | (0<<TWEN) | (0<<TWIE);
00008f bfe6      	OUT  0x36,R30
                 ; 0000 0090 
                 ; 0000 0091 // Alphanumeric LCD initialization
                 ; 0000 0092 // Connections are specified in the
                 ; 0000 0093 // Project|Configure|C Compiler|Libraries|Alphanumeric LCD menu:
                 ; 0000 0094 // RS - PORTA Bit 0
                 ; 0000 0095 // RD - PORTA Bit 1
                 ; 0000 0096 // EN - PORTA Bit 2
                 ; 0000 0097 // D4 - PORTA Bit 3
                 ; 0000 0098 // D5 - PORTA Bit 4
                 ; 0000 0099 // D6 - PORTA Bit 5
                 ; 0000 009A // D7 - PORTA Bit 6
                 ; 0000 009B // Characters/line: 20
                 ; 0000 009C lcd_init(20);
000090 e1a4      	LDI  R26,LOW(20)
000091 d096      	RCALL _lcd_init
                 ; 0000 009D 
                 ; 0000 009E while (1)
                 _0x3:
                 ; 0000 009F      {
                 ; 0000 00A0       // Place your code here
                 ; 0000 00A1        for (i = 0; i < 100; i++){
000092 2444      	CLR  R4
000093 2455      	CLR  R5
                 _0x7:
000094 e6e4      	LDI  R30,LOW(100)
000095 e0f0      	LDI  R31,HIGH(100)
000096 164e      	CP   R4,R30
000097 065f      	CPC  R5,R31
000098 f4ec      	BRGE _0x8
                 ; 0000 00A2         sprintf(ch,"counting:%03d",i);
000099 e6e0      	LDI  R30,LOW(_ch)
00009a e0f2      	LDI  R31,HIGH(_ch)
00009b 93fa      	ST   -Y,R31
00009c 93ea      	ST   -Y,R30
                +
00009d e6e6     +LDI R30 , LOW ( 2 * _0x0 + ( 0 ) )
00009e e0f0     +LDI R31 , HIGH ( 2 * _0x0 + ( 0 ) )
                 	__POINTW1FN _0x0,0
00009f 93fa      	ST   -Y,R31
0000a0 93ea      	ST   -Y,R30
0000a1 01f2      	MOVW R30,R4
0000a2 940e 0364 	CALL __CWD1
0000a4 940e 0371 	CALL __PUTPARD1
0000a6 e084      	LDI  R24,4
0000a7 940e 02cb 	CALL _sprintf
0000a9 9628      	ADIW R28,8
                 ; 0000 00A3         lcd_puts(ch);
0000aa e6a0      	LDI  R26,LOW(_ch)
0000ab e0b2      	LDI  R27,HIGH(_ch)
0000ac d06a      	RCALL _lcd_puts
                 ; 0000 00A4         delay_ms(100);
0000ad e6a4      	LDI  R26,LOW(100)
0000ae e0b0      	LDI  R27,0
0000af 940e 0352 	CALL _delay_ms
                 ; 0000 00A5         lcd_clear();
0000b1 d044      	RCALL _lcd_clear
                 ; 0000 00A6          }
0000b2 01f2      	MOVW R30,R4
0000b3 9631      	ADIW R30,1
0000b4 012f      	MOVW R4,R30
0000b5 cfde      	RJMP _0x7
                 _0x8:
                 ; 0000 00A7 
                 ; 0000 00A8     }
0000b6 cfdb      	RJMP _0x3
                 ; 0000 00A9 }
                 _0x9:
0000b7 cfff      	RJMP _0x9
                 ; .FEND
                 	#ifndef __SLEEP_DEFINED__
                 	#endif
                 
                 	.DSEG
                 
                 	.CSEG
                 __lcd_write_nibble_G100:
                 ; .FSTART __lcd_write_nibble_G100
0000b8 93aa      	ST   -Y,R26
0000b9 81e8      	LD   R30,Y
0000ba 71e0      	ANDI R30,LOW(0x10)
0000bb f011      	BREQ _0x2000004
0000bc 9adb      	SBI  0x1B,3
0000bd c001      	RJMP _0x2000005
                 _0x2000004:
0000be 98db      	CBI  0x1B,3
                 _0x2000005:
0000bf 81e8      	LD   R30,Y
0000c0 72e0      	ANDI R30,LOW(0x20)
0000c1 f011      	BREQ _0x2000006
0000c2 9adc      	SBI  0x1B,4
0000c3 c001      	RJMP _0x2000007
                 _0x2000006:
0000c4 98dc      	CBI  0x1B,4
                 _0x2000007:
0000c5 81e8      	LD   R30,Y
0000c6 74e0      	ANDI R30,LOW(0x40)
0000c7 f011      	BREQ _0x2000008
0000c8 9add      	SBI  0x1B,5
0000c9 c001      	RJMP _0x2000009
                 _0x2000008:
0000ca 98dd      	CBI  0x1B,5
                 _0x2000009:
0000cb 81e8      	LD   R30,Y
0000cc 78e0      	ANDI R30,LOW(0x80)
0000cd f011      	BREQ _0x200000A
0000ce 9ade      	SBI  0x1B,6
0000cf c001      	RJMP _0x200000B
                 _0x200000A:
0000d0 98de      	CBI  0x1B,6
                 _0x200000B:
                +
0000d1 e08d     +LDI R24 , LOW ( 13 )
                +__DELAY_USB_LOOP :
0000d2 958a     +DEC R24
0000d3 f7f1     +BRNE __DELAY_USB_LOOP
                 	__DELAY_USB 13
0000d4 9ada      	SBI  0x1B,2
                +
0000d5 e08d     +LDI R24 , LOW ( 13 )
                +__DELAY_USB_LOOP :
0000d6 958a     +DEC R24
0000d7 f7f1     +BRNE __DELAY_USB_LOOP
                 	__DELAY_USB 13
0000d8 98da      	CBI  0x1B,2
                +
0000d9 e08d     +LDI R24 , LOW ( 13 )
                +__DELAY_USB_LOOP :
0000da 958a     +DEC R24
0000db f7f1     +BRNE __DELAY_USB_LOOP
                 	__DELAY_USB 13
0000dc c078      	RJMP _0x2080002
                 ; .FEND
                 __lcd_write_data:
                 ; .FSTART __lcd_write_data
0000dd 93aa      	ST   -Y,R26
0000de 81a8      	LD   R26,Y
0000df dfd8      	RCALL __lcd_write_nibble_G100
0000e0 81e8          ld    r30,y
0000e1 95e2          swap  r30
0000e2 83e8          st    y,r30
0000e3 81a8      	LD   R26,Y
0000e4 dfd3      	RCALL __lcd_write_nibble_G100
                +
0000e5 e885     +LDI R24 , LOW ( 133 )
                +__DELAY_USB_LOOP :
0000e6 958a     +DEC R24
0000e7 f7f1     +BRNE __DELAY_USB_LOOP
                 	__DELAY_USB 133
0000e8 c06c      	RJMP _0x2080002
                 ; .FEND
                 _lcd_gotoxy:
                 ; .FSTART _lcd_gotoxy
0000e9 93aa      	ST   -Y,R26
0000ea 81e8      	LD   R30,Y
0000eb e0f0      	LDI  R31,0
0000ec 58ec      	SUBI R30,LOW(-__base_y_G100)
0000ed 4ffd      	SBCI R31,HIGH(-__base_y_G100)
0000ee 81e0      	LD   R30,Z
0000ef 81a9      	LDD  R26,Y+1
0000f0 0fae      	ADD  R26,R30
0000f1 dfeb      	RCALL __lcd_write_data
0000f2 8079      	LDD  R7,Y+1
0000f3 8068      	LDD  R6,Y+0
0000f4 9622      	ADIW R28,2
0000f5 9508      	RET
                 ; .FEND
                 _lcd_clear:
                 ; .FSTART _lcd_clear
0000f6 e0a2      	LDI  R26,LOW(2)
0000f7 940e 0318 	CALL SUBOPT_0x0
0000f9 e0ac      	LDI  R26,LOW(12)
0000fa dfe2      	RCALL __lcd_write_data
0000fb e0a1      	LDI  R26,LOW(1)
0000fc 940e 0318 	CALL SUBOPT_0x0
0000fe e0e0      	LDI  R30,LOW(0)
0000ff 2e6e      	MOV  R6,R30
000100 2e7e      	MOV  R7,R30
000101 9508      	RET
                 ; .FEND
                 _lcd_putchar:
                 ; .FSTART _lcd_putchar
000102 93aa      	ST   -Y,R26
000103 81a8      	LD   R26,Y
000104 30aa      	CPI  R26,LOW(0xA)
000105 f011      	BREQ _0x2000011
000106 1479      	CP   R7,R9
000107 f048      	BRLO _0x2000010
                 _0x2000011:
000108 e0e0      	LDI  R30,LOW(0)
000109 93ea      	ST   -Y,R30
00010a 9463      	INC  R6
00010b 2da6      	MOV  R26,R6
00010c dfdc      	RCALL _lcd_gotoxy
00010d 81a8      	LD   R26,Y
00010e 30aa      	CPI  R26,LOW(0xA)
00010f f409      	BRNE _0x2000013
000110 c044      	RJMP _0x2080002
                 _0x2000013:
                 _0x2000010:
000111 9473      	INC  R7
000112 9ad8      	SBI  0x1B,0
000113 81a8      	LD   R26,Y
000114 dfc8      	RCALL __lcd_write_data
000115 98d8      	CBI  0x1B,0
000116 c03e      	RJMP _0x2080002
                 ; .FEND
                 _lcd_puts:
                 ; .FSTART _lcd_puts
000117 93ba      	ST   -Y,R27
000118 93aa      	ST   -Y,R26
000119 931a      	ST   -Y,R17
                 _0x2000014:
00011a 81a9      	LDD  R26,Y+1
00011b 81ba      	LDD  R27,Y+1+1
00011c 91ed      	LD   R30,X+
00011d 83a9      	STD  Y+1,R26
00011e 83ba      	STD  Y+1+1,R27
00011f 2f1e      	MOV  R17,R30
000120 30e0      	CPI  R30,0
000121 f019      	BREQ _0x2000016
000122 2fa1      	MOV  R26,R17
000123 dfde      	RCALL _lcd_putchar
000124 cff5      	RJMP _0x2000014
                 _0x2000016:
000125 8118      	LDD  R17,Y+0
000126 9623      	ADIW R28,3
000127 9508      	RET
                 ; .FEND
                 _lcd_init:
                 ; .FSTART _lcd_init
000128 93aa      	ST   -Y,R26
000129 9ad3      	SBI  0x1A,3
00012a 9ad4      	SBI  0x1A,4
00012b 9ad5      	SBI  0x1A,5
00012c 9ad6      	SBI  0x1A,6
00012d 9ad2      	SBI  0x1A,2
00012e 9ad0      	SBI  0x1A,0
00012f 9ad1      	SBI  0x1A,1
000130 98da      	CBI  0x1B,2
000131 98d8      	CBI  0x1B,0
000132 98d9      	CBI  0x1B,1
000133 8098      	LDD  R9,Y+0
000134 81e8      	LD   R30,Y
000135 58e0      	SUBI R30,-LOW(128)
                +
000136 93e0 0276+STS __base_y_G100 + ( 2 ) , R30
                 	__PUTB1MN __base_y_G100,2
000138 81e8      	LD   R30,Y
000139 54e0      	SUBI R30,-LOW(192)
                +
00013a 93e0 0277+STS __base_y_G100 + ( 3 ) , R30
                 	__PUTB1MN __base_y_G100,3
00013c e1a4      	LDI  R26,LOW(20)
00013d e0b0      	LDI  R27,0
00013e 940e 0352 	CALL _delay_ms
000140 940e 031e 	CALL SUBOPT_0x1
000142 940e 031e 	CALL SUBOPT_0x1
000144 940e 031e 	CALL SUBOPT_0x1
000146 e2a0      	LDI  R26,LOW(32)
000147 df70      	RCALL __lcd_write_nibble_G100
                +
000148 ec88     +LDI R24 , LOW ( 200 )
000149 e090     +LDI R25 , HIGH ( 200 )
                +__DELAY_USW_LOOP :
00014a 9701     +SBIW R24 , 1
00014b f7f1     +BRNE __DELAY_USW_LOOP
                 	__DELAY_USW 200
00014c e2a8      	LDI  R26,LOW(40)
00014d df8f      	RCALL __lcd_write_data
00014e e0a4      	LDI  R26,LOW(4)
00014f df8d      	RCALL __lcd_write_data
000150 e8a5      	LDI  R26,LOW(133)
000151 df8b      	RCALL __lcd_write_data
000152 e0a6      	LDI  R26,LOW(6)
000153 df89      	RCALL __lcd_write_data
000154 dfa1      	RCALL _lcd_clear
                 _0x2080002:
000155 9621      	ADIW R28,1
000156 9508      	RET
                 ; .FEND
                 	#ifndef __SLEEP_DEFINED__
                 	#endif
                 
                 	.CSEG
                 _put_buff_G101:
                 ; .FSTART _put_buff_G101
000157 93ba      	ST   -Y,R27
000158 93aa      	ST   -Y,R26
000159 931a      	ST   -Y,R17
00015a 930a      	ST   -Y,R16
00015b 81aa      	LDD  R26,Y+2
00015c 81bb      	LDD  R27,Y+2+1
00015d 9612      	ADIW R26,2
00015e 940e 0369 	CALL __GETW1P
000160 9730      	SBIW R30,0
000161 f159      	BREQ _0x2020010
000162 81aa      	LDD  R26,Y+2
000163 81bb      	LDD  R27,Y+2+1
000164 9614      	ADIW R26,4
000165 940e 0369 	CALL __GETW1P
000167 018f      	MOVW R16,R30
000168 9730      	SBIW R30,0
000169 f061      	BREQ _0x2020012
                +
00016a 3002     +CPI R16 , LOW ( 2 )
00016b e0e0     +LDI R30 , HIGH ( 2 )
00016c 071e     +CPC R17 , R30
                 	__CPWRN 16,17,2
00016d f098      	BRLO _0x2020013
00016e 01f8      	MOVW R30,R16
00016f 9731      	SBIW R30,1
000170 018f      	MOVW R16,R30
                +
000171 81aa     +LDD R26 , Y + 2
000172 81bb     +LDD R27 , Y + 2 + 1
000173 9614     +ADIW R26 , 4
000174 93ed     +ST X + , R30
000175 93fc     +ST X , R31
                 	__PUTW1SNS 2,4
                 _0x2020012:
000176 81aa      	LDD  R26,Y+2
000177 81bb      	LDD  R27,Y+2+1
000178 9612      	ADIW R26,2
000179 91ed      	LD   R30,X+
00017a 91fd      	LD   R31,X+
00017b 9631      	ADIW R30,1
00017c 93fe      	ST   -X,R31
00017d 93ee      	ST   -X,R30
00017e 9731      	SBIW R30,1
00017f 81ac      	LDD  R26,Y+4
000180 83a0      	STD  Z+0,R26
                 _0x2020013:
000181 81aa      	LDD  R26,Y+2
000182 81bb      	LDD  R27,Y+2+1
000183 940e 0369 	CALL __GETW1P
000185 23ff      	TST  R31
000186 f02a      	BRMI _0x2020014
000187 91ed      	LD   R30,X+
000188 91fd      	LD   R31,X+
000189 9631      	ADIW R30,1
00018a 93fe      	ST   -X,R31
00018b 93ee      	ST   -X,R30
                 _0x2020014:
00018c c006      	RJMP _0x2020015
                 _0x2020010:
00018d 81aa      	LDD  R26,Y+2
00018e 81bb      	LDD  R27,Y+2+1
00018f efef      	LDI  R30,LOW(65535)
000190 efff      	LDI  R31,HIGH(65535)
000191 93ed      	ST   X+,R30
000192 93fc      	ST   X,R31
                 _0x2020015:
000193 8119      	LDD  R17,Y+1
000194 8108      	LDD  R16,Y+0
000195 9625      	ADIW R28,5
000196 9508      	RET
                 ; .FEND
                 __print_G101:
                 ; .FSTART __print_G101
000197 93ba      	ST   -Y,R27
000198 93aa      	ST   -Y,R26
000199 9726      	SBIW R28,6
00019a 940e 0376 	CALL __SAVELOCR6
00019c e010      	LDI  R17,0
00019d 85ac      	LDD  R26,Y+12
00019e 85bd      	LDD  R27,Y+12+1
00019f e0e0      	LDI  R30,LOW(0)
0001a0 e0f0      	LDI  R31,HIGH(0)
0001a1 93ed      	ST   X+,R30
0001a2 93fc      	ST   X,R31
                 _0x2020016:
0001a3 89ea      	LDD  R30,Y+18
0001a4 89fb      	LDD  R31,Y+18+1
0001a5 9631      	ADIW R30,1
0001a6 8bea      	STD  Y+18,R30
0001a7 8bfb      	STD  Y+18+1,R31
0001a8 9731      	SBIW R30,1
0001a9 91e4      	LPM  R30,Z
0001aa 2f2e      	MOV  R18,R30
0001ab 30e0      	CPI  R30,0
0001ac f409      	BRNE PC+2
0001ad c115      	RJMP _0x2020018
0001ae 2fe1      	MOV  R30,R17
0001af 30e0      	CPI  R30,0
0001b0 f439      	BRNE _0x202001C
0001b1 3225      	CPI  R18,37
0001b2 f411      	BRNE _0x202001D
0001b3 e011      	LDI  R17,LOW(1)
0001b4 c002      	RJMP _0x202001E
                 _0x202001D:
0001b5 940e 0326 	CALL SUBOPT_0x2
                 _0x202001E:
0001b7 c10a      	RJMP _0x202001B
                 _0x202001C:
0001b8 30e1      	CPI  R30,LOW(0x1)
0001b9 f4a9      	BRNE _0x202001F
0001ba 3225      	CPI  R18,37
0001bb f419      	BRNE _0x2020020
0001bc 940e 0326 	CALL SUBOPT_0x2
0001be c102      	RJMP _0x20200CC
                 _0x2020020:
0001bf e012      	LDI  R17,LOW(2)
0001c0 e040      	LDI  R20,LOW(0)
0001c1 e000      	LDI  R16,LOW(0)
0001c2 322d      	CPI  R18,45
0001c3 f411      	BRNE _0x2020021
0001c4 e001      	LDI  R16,LOW(1)
0001c5 c0fc      	RJMP _0x202001B
                 _0x2020021:
0001c6 322b      	CPI  R18,43
0001c7 f411      	BRNE _0x2020022
0001c8 e24b      	LDI  R20,LOW(43)
0001c9 c0f8      	RJMP _0x202001B
                 _0x2020022:
0001ca 3220      	CPI  R18,32
0001cb f411      	BRNE _0x2020023
0001cc e240      	LDI  R20,LOW(32)
0001cd c0f4      	RJMP _0x202001B
                 _0x2020023:
0001ce c002      	RJMP _0x2020024
                 _0x202001F:
0001cf 30e2      	CPI  R30,LOW(0x2)
0001d0 f439      	BRNE _0x2020025
                 _0x2020024:
0001d1 e050      	LDI  R21,LOW(0)
0001d2 e013      	LDI  R17,LOW(3)
0001d3 3320      	CPI  R18,48
0001d4 f411      	BRNE _0x2020026
0001d5 6800      	ORI  R16,LOW(128)
0001d6 c0eb      	RJMP _0x202001B
                 _0x2020026:
0001d7 c003      	RJMP _0x2020027
                 _0x2020025:
0001d8 30e3      	CPI  R30,LOW(0x3)
0001d9 f009      	BREQ PC+2
0001da c0e7      	RJMP _0x202001B
                 _0x2020027:
0001db 3320      	CPI  R18,48
0001dc f010      	BRLO _0x202002A
0001dd 332a      	CPI  R18,58
0001de f008      	BRLO _0x202002B
                 _0x202002A:
0001df c007      	RJMP _0x2020029
                 _0x202002B:
0001e0 e0aa      	LDI  R26,LOW(10)
0001e1 9f5a      	MUL  R21,R26
0001e2 2d50      	MOV  R21,R0
0001e3 2fe2      	MOV  R30,R18
0001e4 53e0      	SUBI R30,LOW(48)
0001e5 0f5e      	ADD  R21,R30
0001e6 c0db      	RJMP _0x202001B
                 _0x2020029:
0001e7 2fe2      	MOV  R30,R18
0001e8 36e3      	CPI  R30,LOW(0x63)
0001e9 f449      	BRNE _0x202002F
0001ea 940e 032d 	CALL SUBOPT_0x3
0001ec 89e8      	LDD  R30,Y+16
0001ed 89f9      	LDD  R31,Y+16+1
0001ee 81a4      	LDD  R26,Z+4
0001ef 93aa      	ST   -Y,R26
0001f0 940e 0333 	CALL SUBOPT_0x4
0001f2 c0ce      	RJMP _0x2020030
                 _0x202002F:
0001f3 37e3      	CPI  R30,LOW(0x73)
0001f4 f441      	BRNE _0x2020032
0001f5 940e 032d 	CALL SUBOPT_0x3
0001f7 940e 0339 	CALL SUBOPT_0x5
0001f9 940e 02ff 	CALL _strlen
0001fb 2f1e      	MOV  R17,R30
0001fc c00a      	RJMP _0x2020033
                 _0x2020032:
0001fd 37e0      	CPI  R30,LOW(0x70)
0001fe f461      	BRNE _0x2020035
0001ff 940e 032d 	CALL SUBOPT_0x3
000201 940e 0339 	CALL SUBOPT_0x5
000203 940e 030b 	CALL _strlenf
000205 2f1e      	MOV  R17,R30
000206 6008      	ORI  R16,LOW(8)
                 _0x2020033:
000207 6002      	ORI  R16,LOW(2)
000208 770f      	ANDI R16,LOW(127)
000209 e030      	LDI  R19,LOW(0)
00020a c034      	RJMP _0x2020036
                 _0x2020035:
00020b 36e4      	CPI  R30,LOW(0x64)
00020c f011      	BREQ _0x2020039
00020d 36e9      	CPI  R30,LOW(0x69)
00020e f411      	BRNE _0x202003A
                 _0x2020039:
00020f 6004      	ORI  R16,LOW(4)
000210 c002      	RJMP _0x202003B
                 _0x202003A:
000211 37e5      	CPI  R30,LOW(0x75)
000212 f431      	BRNE _0x202003C
                 _0x202003B:
000213 e5e4      	LDI  R30,LOW(_tbl10_G101*2)
000214 e0f0      	LDI  R31,HIGH(_tbl10_G101*2)
000215 83ee      	STD  Y+6,R30
000216 83ff      	STD  Y+6+1,R31
000217 e015      	LDI  R17,LOW(5)
000218 c00c      	RJMP _0x202003D
                 _0x202003C:
000219 35e8      	CPI  R30,LOW(0x58)
00021a f411      	BRNE _0x202003F
00021b 6008      	ORI  R16,LOW(8)
00021c c003      	RJMP _0x2020040
                 _0x202003F:
00021d 37e8      	CPI  R30,LOW(0x78)
00021e f009      	BREQ PC+2
00021f c0a1      	RJMP _0x2020071
                 _0x2020040:
000220 e5ee      	LDI  R30,LOW(_tbl16_G101*2)
000221 e0f0      	LDI  R31,HIGH(_tbl16_G101*2)
000222 83ee      	STD  Y+6,R30
000223 83ff      	STD  Y+6+1,R31
000224 e014      	LDI  R17,LOW(4)
                 _0x202003D:
000225 ff02      	SBRS R16,2
000226 c014      	RJMP _0x2020042
000227 940e 032d 	CALL SUBOPT_0x3
000229 940e 0343 	CALL SUBOPT_0x6
00022b 85ab      	LDD  R26,Y+11
00022c 23aa      	TST  R26
00022d f43a      	BRPL _0x2020043
00022e 85ea      	LDD  R30,Y+10
00022f 85fb      	LDD  R31,Y+10+1
000230 940e 0360 	CALL __ANEGW1
000232 87ea      	STD  Y+10,R30
000233 87fb      	STD  Y+10+1,R31
000234 e24d      	LDI  R20,LOW(45)
                 _0x2020043:
000235 3040      	CPI  R20,0
000236 f011      	BREQ _0x2020044
000237 5f1f      	SUBI R17,-LOW(1)
000238 c001      	RJMP _0x2020045
                 _0x2020044:
000239 7f0b      	ANDI R16,LOW(251)
                 _0x2020045:
00023a c004      	RJMP _0x2020046
                 _0x2020042:
00023b 940e 032d 	CALL SUBOPT_0x3
00023d 940e 0343 	CALL SUBOPT_0x6
                 _0x2020046:
                 _0x2020036:
00023f fd00      	SBRC R16,0
000240 c011      	RJMP _0x2020047
                 _0x2020048:
000241 1715      	CP   R17,R21
000242 f478      	BRSH _0x202004A
000243 ff07      	SBRS R16,7
000244 c008      	RJMP _0x202004B
000245 ff02      	SBRS R16,2
000246 c004      	RJMP _0x202004C
000247 7f0b      	ANDI R16,LOW(251)
000248 2f24      	MOV  R18,R20
000249 5011      	SUBI R17,LOW(1)
00024a c001      	RJMP _0x202004D
                 _0x202004C:
00024b e320      	LDI  R18,LOW(48)
                 _0x202004D:
00024c c001      	RJMP _0x202004E
                 _0x202004B:
00024d e220      	LDI  R18,LOW(32)
                 _0x202004E:
00024e 940e 0326 	CALL SUBOPT_0x2
000250 5051      	SUBI R21,LOW(1)
000251 cfef      	RJMP _0x2020048
                 _0x202004A:
                 _0x2020047:
000252 2f31      	MOV  R19,R17
000253 ff01      	SBRS R16,1
000254 c017      	RJMP _0x202004F
                 _0x2020050:
000255 3030      	CPI  R19,0
000256 f0a1      	BREQ _0x2020052
000257 ff03      	SBRS R16,3
000258 c006      	RJMP _0x2020053
000259 81ee      	LDD  R30,Y+6
00025a 81ff      	LDD  R31,Y+6+1
00025b 9125      	LPM  R18,Z+
00025c 83ee      	STD  Y+6,R30
00025d 83ff      	STD  Y+6+1,R31
00025e c005      	RJMP _0x2020054
                 _0x2020053:
00025f 81ae      	LDD  R26,Y+6
000260 81bf      	LDD  R27,Y+6+1
000261 912d      	LD   R18,X+
000262 83ae      	STD  Y+6,R26
000263 83bf      	STD  Y+6+1,R27
                 _0x2020054:
000264 940e 0326 	CALL SUBOPT_0x2
000266 3050      	CPI  R21,0
000267 f009      	BREQ _0x2020055
000268 5051      	SUBI R21,LOW(1)
                 _0x2020055:
000269 5031      	SUBI R19,LOW(1)
00026a cfea      	RJMP _0x2020050
                 _0x2020052:
00026b c04b      	RJMP _0x2020056
                 _0x202004F:
                 _0x2020058:
00026c e320      	LDI  R18,LOW(48)
00026d 81ee      	LDD  R30,Y+6
00026e 81ff      	LDD  R31,Y+6+1
00026f 940e 036d 	CALL __GETW1PF
000271 87e8      	STD  Y+8,R30
000272 87f9      	STD  Y+8+1,R31
000273 81ee      	LDD  R30,Y+6
000274 81ff      	LDD  R31,Y+6+1
000275 9632      	ADIW R30,2
000276 83ee      	STD  Y+6,R30
000277 83ff      	STD  Y+6+1,R31
                 _0x202005A:
000278 85e8      	LDD  R30,Y+8
000279 85f9      	LDD  R31,Y+8+1
00027a 85aa      	LDD  R26,Y+10
00027b 85bb      	LDD  R27,Y+10+1
00027c 17ae      	CP   R26,R30
00027d 07bf      	CPC  R27,R31
00027e f050      	BRLO _0x202005C
00027f 5f2f      	SUBI R18,-LOW(1)
000280 85a8      	LDD  R26,Y+8
000281 85b9      	LDD  R27,Y+8+1
000282 85ea      	LDD  R30,Y+10
000283 85fb      	LDD  R31,Y+10+1
000284 1bea      	SUB  R30,R26
000285 0bfb      	SBC  R31,R27
000286 87ea      	STD  Y+10,R30
000287 87fb      	STD  Y+10+1,R31
000288 cfef      	RJMP _0x202005A
                 _0x202005C:
000289 332a      	CPI  R18,58
00028a f028      	BRLO _0x202005D
00028b ff03      	SBRS R16,3
00028c c002      	RJMP _0x202005E
00028d 5f29      	SUBI R18,-LOW(7)
00028e c001      	RJMP _0x202005F
                 _0x202005E:
00028f 5d29      	SUBI R18,-LOW(39)
                 _0x202005F:
                 _0x202005D:
000290 fd04      	SBRC R16,4
000291 c01a      	RJMP _0x2020061
000292 3321      	CPI  R18,49
000293 f420      	BRSH _0x2020063
000294 85a8      	LDD  R26,Y+8
000295 85b9      	LDD  R27,Y+8+1
000296 9711      	SBIW R26,1
000297 f409      	BRNE _0x2020062
                 _0x2020063:
000298 c009      	RJMP _0x20200CD
                 _0x2020062:
000299 1753      	CP   R21,R19
00029a f010      	BRLO _0x2020067
00029b ff00      	SBRS R16,0
00029c c001      	RJMP _0x2020068
                 _0x2020067:
00029d c013      	RJMP _0x2020066
                 _0x2020068:
00029e e220      	LDI  R18,LOW(32)
00029f ff07      	SBRS R16,7
0002a0 c00b      	RJMP _0x2020069
0002a1 e320      	LDI  R18,LOW(48)
                 _0x20200CD:
0002a2 6100      	ORI  R16,LOW(16)
0002a3 ff02      	SBRS R16,2
0002a4 c007      	RJMP _0x202006A
0002a5 7f0b      	ANDI R16,LOW(251)
0002a6 934a      	ST   -Y,R20
0002a7 940e 0333 	CALL SUBOPT_0x4
0002a9 3050      	CPI  R21,0
0002aa f009      	BREQ _0x202006B
0002ab 5051      	SUBI R21,LOW(1)
                 _0x202006B:
                 _0x202006A:
                 _0x2020069:
                 _0x2020061:
0002ac 940e 0326 	CALL SUBOPT_0x2
0002ae 3050      	CPI  R21,0
0002af f009      	BREQ _0x202006C
0002b0 5051      	SUBI R21,LOW(1)
                 _0x202006C:
                 _0x2020066:
0002b1 5031      	SUBI R19,LOW(1)
0002b2 85a8      	LDD  R26,Y+8
0002b3 85b9      	LDD  R27,Y+8+1
0002b4 9712      	SBIW R26,2
0002b5 f008      	BRLO _0x2020059
0002b6 cfb5      	RJMP _0x2020058
                 _0x2020059:
                 _0x2020056:
0002b7 ff00      	SBRS R16,0
0002b8 c008      	RJMP _0x202006D
                 _0x202006E:
0002b9 3050      	CPI  R21,0
0002ba f031      	BREQ _0x2020070
0002bb 5051      	SUBI R21,LOW(1)
0002bc e2e0      	LDI  R30,LOW(32)
0002bd 93ea      	ST   -Y,R30
0002be 940e 0333 	CALL SUBOPT_0x4
0002c0 cff8      	RJMP _0x202006E
                 _0x2020070:
                 _0x202006D:
                 _0x2020071:
                 _0x2020030:
                 _0x20200CC:
0002c1 e010      	LDI  R17,LOW(0)
                 _0x202001B:
0002c2 cee0      	RJMP _0x2020016
                 _0x2020018:
0002c3 85ac      	LDD  R26,Y+12
0002c4 85bd      	LDD  R27,Y+12+1
0002c5 940e 0369 	CALL __GETW1P
0002c7 940e 037d 	CALL __LOADLOCR6
0002c9 9664      	ADIW R28,20
0002ca 9508      	RET
                 ; .FEND
                 _sprintf:
                 ; .FSTART _sprintf
0002cb 92ff      	PUSH R15
0002cc 2ef8      	MOV  R15,R24
0002cd 9726      	SBIW R28,6
0002ce 940e 0378 	CALL __SAVELOCR4
0002d0 940e 034b 	CALL SUBOPT_0x7
0002d2 9730      	SBIW R30,0
0002d3 f419      	BRNE _0x2020072
0002d4 efef      	LDI  R30,LOW(65535)
0002d5 efff      	LDI  R31,HIGH(65535)
0002d6 c023      	RJMP _0x2080001
                 _0x2020072:
0002d7 01de      	MOVW R26,R28
0002d8 9616      	ADIW R26,6
0002d9 940e 035c 	CALL __ADDW2R15
0002db 018d      	MOVW R16,R26
0002dc 940e 034b 	CALL SUBOPT_0x7
0002de 83ee      	STD  Y+6,R30
0002df 83ff      	STD  Y+6+1,R31
0002e0 e0e0      	LDI  R30,LOW(0)
0002e1 87e8      	STD  Y+8,R30
0002e2 87e9      	STD  Y+8+1,R30
0002e3 01de      	MOVW R26,R28
0002e4 961a      	ADIW R26,10
0002e5 940e 035c 	CALL __ADDW2R15
0002e7 940e 0369 	CALL __GETW1P
0002e9 93fa      	ST   -Y,R31
0002ea 93ea      	ST   -Y,R30
0002eb 931a      	ST   -Y,R17
0002ec 930a      	ST   -Y,R16
0002ed e5e7      	LDI  R30,LOW(_put_buff_G101)
0002ee e0f1      	LDI  R31,HIGH(_put_buff_G101)
0002ef 93fa      	ST   -Y,R31
0002f0 93ea      	ST   -Y,R30
0002f1 01de      	MOVW R26,R28
0002f2 961a      	ADIW R26,10
0002f3 dea3      	RCALL __print_G101
0002f4 019f      	MOVW R18,R30
0002f5 81ae      	LDD  R26,Y+6
0002f6 81bf      	LDD  R27,Y+6+1
0002f7 e0e0      	LDI  R30,LOW(0)
0002f8 93ec      	ST   X,R30
0002f9 01f9      	MOVW R30,R18
                 _0x2080001:
0002fa 940e 037f 	CALL __LOADLOCR4
0002fc 962a      	ADIW R28,10
0002fd 90ff      	POP  R15
0002fe 9508      	RET
                 ; .FEND
                 
                 	.CSEG
                 
                 	.CSEG
                 _strlen:
                 ; .FSTART _strlen
0002ff 93ba      	ST   -Y,R27
000300 93aa      	ST   -Y,R26
000301 91a9          ld   r26,y+
000302 91b9          ld   r27,y+
000303 27ee          clr  r30
000304 27ff          clr  r31
                 strlen0:
000305 916d          ld   r22,x+
000306 2366          tst  r22
000307 f011          breq strlen1
000308 9631          adiw r30,1
000309 cffb          rjmp strlen0
                 strlen1:
00030a 9508          ret
                 ; .FEND
                 _strlenf:
                 ; .FSTART _strlenf
00030b 93ba      	ST   -Y,R27
00030c 93aa      	ST   -Y,R26
00030d 27aa          clr  r26
00030e 27bb          clr  r27
00030f 91e9          ld   r30,y+
000310 91f9          ld   r31,y+
                 strlenf0:
000311 9005      	lpm  r0,z+
000312 2000          tst  r0
000313 f011          breq strlenf1
000314 9611          adiw r26,1
000315 cffb          rjmp strlenf0
                 strlenf1:
000316 01fd          movw r30,r26
000317 9508          ret
                 ; .FEND
                 
                 	.DSEG
                 _ch:
000260           	.BYTE 0x14
                 __base_y_G100:
000274           	.BYTE 0x4
                 
                 	.CSEG
                 ;OPTIMIZER ADDED SUBROUTINE, CALLED 2 TIMES, CODE SIZE REDUCTION:1 WORDS
                 SUBOPT_0x0:
000318 940e 00dd 	CALL __lcd_write_data
00031a e0a3      	LDI  R26,LOW(3)
00031b e0b0      	LDI  R27,0
00031c 940c 0352 	JMP  _delay_ms
                 
                 ;OPTIMIZER ADDED SUBROUTINE, CALLED 3 TIMES, CODE SIZE REDUCTION:7 WORDS
                 SUBOPT_0x1:
00031e e3a0      	LDI  R26,LOW(48)
00031f 940e 00b8 	CALL __lcd_write_nibble_G100
                +
000321 ec88     +LDI R24 , LOW ( 200 )
000322 e090     +LDI R25 , HIGH ( 200 )
                +__DELAY_USW_LOOP :
000323 9701     +SBIW R24 , 1
000324 f7f1     +BRNE __DELAY_USW_LOOP
                 	__DELAY_USW 200
000325 9508      	RET
                 
                 ;OPTIMIZER ADDED SUBROUTINE, CALLED 5 TIMES, CODE SIZE REDUCTION:13 WORDS
                 SUBOPT_0x2:
000326 932a      	ST   -Y,R18
000327 85ad      	LDD  R26,Y+13
000328 85be      	LDD  R27,Y+13+1
000329 85ef      	LDD  R30,Y+15
00032a 89f8      	LDD  R31,Y+15+1
00032b 9509      	ICALL
00032c 9508      	RET
                 
                 ;OPTIMIZER ADDED SUBROUTINE, CALLED 5 TIMES, CODE SIZE REDUCTION:9 WORDS
                 SUBOPT_0x3:
00032d 89e8      	LDD  R30,Y+16
00032e 89f9      	LDD  R31,Y+16+1
00032f 9734      	SBIW R30,4
000330 8be8      	STD  Y+16,R30
000331 8bf9      	STD  Y+16+1,R31
000332 9508      	RET
                 
                 ;OPTIMIZER ADDED SUBROUTINE, CALLED 3 TIMES, CODE SIZE REDUCTION:3 WORDS
                 SUBOPT_0x4:
000333 85ad      	LDD  R26,Y+13
000334 85be      	LDD  R27,Y+13+1
000335 85ef      	LDD  R30,Y+15
000336 89f8      	LDD  R31,Y+15+1
000337 9509      	ICALL
000338 9508      	RET
                 
                 ;OPTIMIZER ADDED SUBROUTINE, CALLED 2 TIMES, CODE SIZE REDUCTION:4 WORDS
                 SUBOPT_0x5:
000339 89a8      	LDD  R26,Y+16
00033a 89b9      	LDD  R27,Y+16+1
00033b 9614      	ADIW R26,4
00033c 940e 0369 	CALL __GETW1P
00033e 83ee      	STD  Y+6,R30
00033f 83ff      	STD  Y+6+1,R31
000340 81ae      	LDD  R26,Y+6
000341 81bf      	LDD  R27,Y+6+1
000342 9508      	RET
                 
                 ;OPTIMIZER ADDED SUBROUTINE, CALLED 2 TIMES, CODE SIZE REDUCTION:2 WORDS
                 SUBOPT_0x6:
000343 89a8      	LDD  R26,Y+16
000344 89b9      	LDD  R27,Y+16+1
000345 9614      	ADIW R26,4
000346 940e 0369 	CALL __GETW1P
000348 87ea      	STD  Y+10,R30
000349 87fb      	STD  Y+10+1,R31
00034a 9508      	RET
                 
                 ;OPTIMIZER ADDED SUBROUTINE, CALLED 2 TIMES, CODE SIZE REDUCTION:1 WORDS
                 SUBOPT_0x7:
00034b 01de      	MOVW R26,R28
00034c 961c      	ADIW R26,12
00034d 940e 035c 	CALL __ADDW2R15
00034f 940e 0369 	CALL __GETW1P
000351 9508      	RET
                 
                 
                 	.CSEG
                 _delay_ms:
000352 9610      	adiw r26,0
000353 f039      	breq __delay_ms1
                 __delay_ms0:
                +
000354 ed80     +LDI R24 , LOW ( 0x7D0 )
000355 e097     +LDI R25 , HIGH ( 0x7D0 )
                +__DELAY_USW_LOOP :
000356 9701     +SBIW R24 , 1
000357 f7f1     +BRNE __DELAY_USW_LOOP
                 	__DELAY_USW 0x7D0
000358 95a8      	wdr
000359 9711      	sbiw r26,1
00035a f7c9      	brne __delay_ms0
                 __delay_ms1:
00035b 9508      	ret
                 
                 __ADDW2R15:
00035c 2400      	CLR  R0
00035d 0daf      	ADD  R26,R15
00035e 1db0      	ADC  R27,R0
00035f 9508      	RET
                 
                 __ANEGW1:
000360 95f1      	NEG  R31
000361 95e1      	NEG  R30
000362 40f0      	SBCI R31,0
000363 9508      	RET
                 
                 __CWD1:
000364 2f6f      	MOV  R22,R31
000365 0f66      	ADD  R22,R22
000366 0b66      	SBC  R22,R22
000367 2f76      	MOV  R23,R22
000368 9508      	RET
                 
                 __GETW1P:
000369 91ed      	LD   R30,X+
00036a 91fc      	LD   R31,X
00036b 9711      	SBIW R26,1
00036c 9508      	RET
                 
                 __GETW1PF:
00036d 9005      	LPM  R0,Z+
00036e 91f4      	LPM  R31,Z
00036f 2de0      	MOV  R30,R0
000370 9508      	RET
                 
                 __PUTPARD1:
000371 937a      	ST   -Y,R23
000372 936a      	ST   -Y,R22
000373 93fa      	ST   -Y,R31
000374 93ea      	ST   -Y,R30
000375 9508      	RET
                 
                 __SAVELOCR6:
000376 935a      	ST   -Y,R21
                 __SAVELOCR5:
000377 934a      	ST   -Y,R20
                 __SAVELOCR4:
000378 933a      	ST   -Y,R19
                 __SAVELOCR3:
000379 932a      	ST   -Y,R18
                 __SAVELOCR2:
00037a 931a      	ST   -Y,R17
00037b 930a      	ST   -Y,R16
00037c 9508      	RET
                 
                 __LOADLOCR6:
00037d 815d      	LDD  R21,Y+5
                 __LOADLOCR5:
00037e 814c      	LDD  R20,Y+4
                 __LOADLOCR4:
00037f 813b      	LDD  R19,Y+3
                 __LOADLOCR3:
000380 812a      	LDD  R18,Y+2
                 __LOADLOCR2:
000381 8119      	LDD  R17,Y+1
000382 8108      	LD   R16,Y
000383 9508      	RET
                 
                 ;END OF CODE MARKER
                 __END_OF_CODE:


RESOURCE USE INFORMATION
------------------------

Notice:
The register and instruction counts are symbol table hit counts,
and hence implicitly used resources are not counted, eg, the
'lpm' instruction without operands implicitly uses r0 and z,
none of which are counted.

x,y,z are separate entities in the symbol table and are
counted separately from r26..r31 here.

.dseg memory usage only counts static data declared with .byte

ATmega32A register use summary:
r0 :  11 r1 :   1 r2 :   0 r3 :   0 r4 :   5 r5 :   2 r6 :   4 r7 :   4 
r8 :   0 r9 :   2 r10:   0 r11:   0 r12:   0 r13:   0 r14:   0 r15:   4 
r16:  34 r17:  24 r18:  29 r19:   8 r20:   9 r21:  17 r22:  11 r23:   2 
r24:  23 r25:   5 r26:  95 r27:  38 r28:  14 r29:   1 r30: 184 r31:  60 
x  :  23 y  : 168 z  :  15 
Registers used: 27 out of 35 (77.1%)

ATmega32A instruction use summary:
.lds  :   0 .lds.l:   0 .sts  :   0 .sts.l:   0 adc   :   1 add   :   4 
adiw  :  25 and   :   0 andi  :   8 asr   :   0 bclr  :   0 bld   :   0 
brbc  :   0 brbs  :   0 brcc  :   0 brcs  :   0 break :   0 breq  :  21 
brge  :   1 brhc  :   0 brhs  :   0 brid  :   0 brie  :   0 brlo  :   8 
brlt  :   0 brmi  :   1 brne  :  30 brpl  :   1 brsh  :   2 brtc  :   0 
brts  :   0 brvc  :   0 brvs  :   0 bset  :   0 bst   :   0 call  :  50 
cbi   :   9 cbr   :   0 clc   :   0 clh   :   0 cli   :   1 cln   :   0 
clr   :   9 cls   :   0 clt   :   0 clv   :   0 clz   :   0 com   :   0 
cp    :   5 cpc   :   3 cpi   :  33 cpse  :   0 dec   :   5 des   :   0 
eor   :   0 fmul  :   0 fmuls :   0 fmulsu:   0 icall :   2 ijmp  :   0 
in    :   0 inc   :   2 jmp   :  23 ld    :  28 ldd   :  77 ldi   :  90 
lds   :   0 lpm   :  14 lsl   :   0 lsr   :   0 mov   :  18 movw  :  17 
mul   :   1 muls  :   0 mulsu :   0 neg   :   2 nop   :   0 or    :   0 
ori   :   6 out   :  39 pop   :   1 push  :   1 rcall :  17 ret   :  25 
reti  :   0 rjmp  :  64 rol   :   0 ror   :   0 sbc   :   2 sbci  :   2 
sbi   :  13 sbic  :   0 sbis  :   0 sbiw  :  19 sbr   :   0 sbrc  :   2 
sbrs  :  10 sec   :   0 seh   :   0 sei   :   0 sen   :   0 ser   :   0 
ses   :   0 set   :   0 sev   :   0 sez   :   0 sleep :   0 spm   :   0 
st    :  58 std   :  31 sts   :   2 sub   :   1 subi  :  16 swap  :   1 
tst   :   4 wdr   :   1 
Instructions used: 51 out of 116 (44.0%)

ATmega32A memory use summary [bytes]:
Segment   Begin    End      Code   Data   Used    Size   Use%
---------------------------------------------------------------
[.cseg] 0x000000 0x000708   1758     42   1800   32768   5.5%
[.dseg] 0x000060 0x000278      0     24     24    2048   1.2%
[.eseg] 0x000000 0x000000      0      0      0    1024   0.0%

Assembly complete, 0 errors, 5 warnings
